// Jest Snapshot v1, https://goo.gl/fbAQLP

exports[`Renders correctly 1`] = `
<BrowserRouter>
  <NavigationMenu />
  <div
    className="topBar"
  />
  <Switch>
    <Route
      path="/contact"
    >
      <ContactPage />
    </Route>
    <Route
      path="/success"
    >
      <SuccessStoryPage />
    </Route>
    <Route
      path="/cat"
    >
      <SearchPage />
    </Route>
    <Route
      path="/dog"
    >
      <UnderConstructionDog />
    </Route>
    <Route
      path="/other"
    >
      <UnderConstructionOther />
    </Route>
    <Route
      path="/"
    >
      <HomePage />
    </Route>
  </Switch>
  <Footer />
</BrowserRouter>
`;
