// Jest Snapshot v1, https://goo.gl/fbAQLP

exports[`Snapshot test 1`] = `
<div>
  <button
    className="compactView"
    onClick={[Function]}
  >
    <img
      alt="Image of animal"
      id="animalImage"
      src="test-file-stub"
    />
    <h1
      id="animalName"
    >
      mockName
    </h1>
    <p
      id="animalInfo"
    >
      Breed: 
      mockBreed
      <br />
       Age: 
      mockAge
      <br />
       Gender: 
      mockGender
    </p>
  </button>
  <Modal
    display={false}
    onClose={[Function]}
  >
    <img
      alt="Cat"
      id="successStoryPageImage"
      src="test-file-stub"
    />
    <div
      id="successStoryPageText"
    >
      <h1>
        Name: 
        mockName
        <br />
        Age: 
        mockAge
        <br />
        Breed: 
        mockBreed
        <br />
        Adopted: 
        mockDate
        <br />
        <br />
        A message from 
        mockName
        's owner, 
        mockOwner
        :
      </h1>
      <p>
        mockStoryText
      </p>
    </div>
  </Modal>
</div>
`;
