// Jest Snapshot v1, https://goo.gl/fbAQLP

exports[`Snapshot test 1`] = `
<div>
  <div
    className="welcomeMessage"
  >
    Did you adopt a pet using our site? Share your story here!
  </div>
  <div>
    <SubmissionBox />
  </div>
  <div
    className="successStoryHolder"
  >
    <div
      id="successStories"
    >
      <div
        id="headerOne"
      >
        Success Stories
      </div>
      <ul>
         
        <li>
           
          <CompactView
            info={
              Object {
                "adoptionDate": "10/24/19",
                "age": "4 years",
                "breed": "American shorthair",
                "gender": "Female",
                "image": "cat.jpg",
                "name": "Mittens",
                "owner": "Bob",
                "storyText": "Some story about how this cat was saved from horrible living conditions and is doing much better now.",
              }
            }
          />
           
        </li>
        <li>
           
          <CompactView
            info={
              Object {
                "adoptionDate": "10/24/19",
                "age": "2 months",
                "breed": "American shorthair",
                "gender": "Female",
                "image": "Cat_1.png",
                "name": "Fluffy",
                "owner": "Bob",
                "storyText": "Another success story here",
              }
            }
          />
           
        </li>
        <li>
           
          <CompactView
            info={
              Object {
                "adoptionDate": "10/24/19",
                "age": "10 years",
                "breed": "American shorthair",
                "gender": "Female",
                "image": "Dog_1.png",
                "name": "Mr. Woof",
                "owner": "Bob",
                "storyText": "Okay, success stories really should be longer but eh. ",
              }
            }
          />
           
        </li>
      </ul>
    </div>
    <div
      id="recentlyAdopted"
    >
      <div
        id="headerTwo"
      >
        Recently adopted!
      </div>
      <ul
        id="recentAdoptList"
      >
         
        <li>
           
          <CompactViewRecent
            info={
              Object {
                "adoptionDate": "10/24/19",
                "age": "4 years",
                "breed": "American shorthair",
                "gender": "Female",
                "image": "cat.jpg",
                "name": "Mittens",
                "owner": "Bob",
              }
            }
          />
           
        </li>
        <li>
           
          <CompactViewRecent
            info={
              Object {
                "adoptionDate": "10/24/19",
                "age": "2 months",
                "breed": "American shorthair",
                "gender": "Female",
                "image": "Cat_1.png",
                "name": "Fluffy",
                "owner": "Bob",
              }
            }
          />
           
        </li>
        <li>
           
          <CompactViewRecent
            info={
              Object {
                "adoptionDate": "10/24/19",
                "age": "10 years",
                "breed": "American shorthair",
                "gender": "Female",
                "image": "Dog_1.png",
                "name": "Mr. Woof",
                "owner": "Bob",
              }
            }
          />
           
        </li>
      </ul>
    </div>
  </div>
</div>
`;
